// Jest Snapshot v1, https://goo.gl/fbAQLP

exports[`About component matches snapshot DOM node structure 1`] = `
<DocumentFragment>
  <section
    class="my-5"
  >
    <h1
      id="about"
    >
      Spring is Here!
    </h1>
    <img
      alt="cover"
      class="my-2"
      src="gardenOrigin.jpg"
      style="width: 100%;"
    />
    <div
      class="my-2"
    >
      <p>
        What to do.. what to do...
      </p>
    </div>
  </section>
</DocumentFragment>
`;
